// Jest Snapshot v1, https://goo.gl/fbAQLP

exports[`CardList Component displays the correct names and emails 1`] = `
<DocumentFragment>
  <div>
    <div
      class="tc grow bg-light-green br3 pa3 ma2 dib bw2 shadow-5"
      data-testid="card-component"
    >
      <img
        alt="robots"
        height="200"
        src="https://robohash.org/1?size=200x200"
        width="200"
      />
      <div>
        <h2>
          John Doe
        </h2>
        <p>
          john@example.com
        </p>
      </div>
    </div>
    <div
      class="tc grow bg-light-green br3 pa3 ma2 dib bw2 shadow-5"
      data-testid="card-component"
    >
      <img
        alt="robots"
        height="200"
        src="https://robohash.org/2?size=200x200"
        width="200"
      />
      <div>
        <h2>
          Jane Doe
        </h2>
        <p>
          jane@example.com
        </p>
      </div>
    </div>
  </div>
</DocumentFragment>
`;

exports[`CardList Component renders nothing when robots array is empty 1`] = `
<DocumentFragment>
  <div />
</DocumentFragment>
`;

exports[`CardList Component renders the correct number of Card components 1`] = `
<DocumentFragment>
  <div>
    <div
      class="tc grow bg-light-green br3 pa3 ma2 dib bw2 shadow-5"
      data-testid="card-component"
    >
      <img
        alt="robots"
        height="200"
        src="https://robohash.org/1?size=200x200"
        width="200"
      />
      <div>
        <h2>
          John Doe
        </h2>
        <p>
          john@example.com
        </p>
      </div>
    </div>
    <div
      class="tc grow bg-light-green br3 pa3 ma2 dib bw2 shadow-5"
      data-testid="card-component"
    >
      <img
        alt="robots"
        height="200"
        src="https://robohash.org/2?size=200x200"
        width="200"
      />
      <div>
        <h2>
          Jane Doe
        </h2>
        <p>
          jane@example.com
        </p>
      </div>
    </div>
  </div>
</DocumentFragment>
`;
